// Vitest Snapshot v1, https://vitest.dev/guide/snapshot.html

exports[`renderTable > renders without color (snapshot) 1`] = `
"┌──────────┬────────────────────┬─────────┬──────────────┬───────┐
│ Workflow │ Action             │ Current │ Latest       │ Δ     │
├──────────┼────────────────────┼─────────┼──────────────┼───────┤
│ test.yml │ actions/checkout   │ v4      │ v4.1.0       │ minor │
├──────────┼────────────────────┼─────────┼──────────────┼───────┤
│ test.yml │ actions/setup-node │ v4.0.1  │ v4.0.1       │ ✓     │
├──────────┼────────────────────┼─────────┼──────────────┼───────┤
│ test.yml │ docker://node      │ 20      │ rate limited │ ⚠     │
└──────────┴────────────────────┴─────────┴──────────────┴───────┘

1 outdated · 1 up to date · 1 errors · across 1 workflow"
`;
